{"level":"error","message":"Error listing ports: list is not a function","timestamp":"2025-08-26T06:08:54.550Z"}
{"level":"error","message":"Error listing ports: list is not a function","timestamp":"2025-08-26T06:09:06.921Z"}
{"level":"error","message":"Error listing ports: list is not a function","timestamp":"2025-08-26T06:09:26.909Z"}
{"level":"error","message":"Error listing ports: list is not a function","timestamp":"2025-08-26T06:09:30.922Z"}
{"level":"error","message":"Error listing ports: list is not a function","timestamp":"2025-08-26T06:09:32.135Z"}
{"level":"error","message":"Error listing ports: list is not a function","timestamp":"2025-08-26T06:09:32.490Z"}
{"level":"error","message":"Error listing ports: list is not a function","timestamp":"2025-08-26T06:09:32.738Z"}
{"level":"error","message":"Error listing ports: list is not a function","timestamp":"2025-08-26T06:09:32.951Z"}
{"level":"error","message":"Error listing ports: list is not a function","timestamp":"2025-08-26T06:09:40.194Z"}
{"level":"error","message":"Error listing ports: list is not a function","timestamp":"2025-08-26T06:10:46.562Z"}
{"level":"error","message":"Error listing ports: list is not a function","timestamp":"2025-08-26T06:10:48.940Z"}
{"level":"error","message":"Error listing ports: list is not a function","timestamp":"2025-08-26T06:10:53.941Z"}
{"level":"error","message":"Error listing ports: list is not a function","timestamp":"2025-08-26T06:10:56.086Z"}
{"level":"error","message":"Error listing ports: list is not a function","timestamp":"2025-08-26T06:10:56.280Z"}
{"level":"error","message":"Error listing ports: list is not a function","timestamp":"2025-08-26T06:10:56.412Z"}
{"level":"error","message":"Error closing database pool: Can't add new command when connection is in closed state","timestamp":"2025-08-26T06:11:26.271Z"}
{"level":"error","message":"Error listing ports: list is not a function","timestamp":"2025-08-26T06:16:51.005Z"}
{"level":"error","message":"Error listing ports: list is not a function","timestamp":"2025-08-26T06:17:16.189Z"}
{"level":"error","message":"Error listing ports: list is not a function","timestamp":"2025-08-26T06:17:25.353Z"}
{"level":"error","message":"Error connecting COM ports: list is not a function","timestamp":"2025-08-26T06:26:55.812Z"}
{"level":"error","message":"Error listing ports: list is not a function","timestamp":"2025-08-26T06:27:05.920Z"}
{"level":"error","message":"Error connecting COM ports: list is not a function","timestamp":"2025-08-26T06:27:17.855Z"}
{"level":"error","message":"Error listing ports: list is not a function","timestamp":"2025-08-26T06:27:28.460Z"}
{"level":"error","message":"Error connecting COM ports: list is not a function","timestamp":"2025-08-26T06:27:29.306Z"}
{"level":"error","message":"Failed to connect Fighter1: Opening COM5: Access denied","timestamp":"2025-08-26T07:05:13.690Z"}
{"level":"error","message":"Error listing ports (attempt 1/3): list is not a function","timestamp":"2025-08-26T07:29:55.610Z"}
{"level":"error","message":"Error listing ports (attempt 2/3): list is not a function","timestamp":"2025-08-26T07:29:56.615Z"}
{"level":"error","message":"Error listing ports (attempt 3/3): list is not a function","timestamp":"2025-08-26T07:29:57.623Z"}
{"level":"error","message":"Error listing ports (attempt 1/3): list is not a function","timestamp":"2025-08-26T07:30:40.760Z"}
{"level":"error","message":"Error listing ports (attempt 2/3): list is not a function","timestamp":"2025-08-26T07:30:41.763Z"}
{"level":"error","message":"Error listing ports (attempt 3/3): list is not a function","timestamp":"2025-08-26T07:30:42.766Z"}
{"level":"error","message":"Error listing ports (attempt 1/3): list is not a function","timestamp":"2025-08-26T07:37:14.993Z"}
{"level":"error","message":"Error listing ports (attempt 2/3): list is not a function","timestamp":"2025-08-26T07:37:16.003Z"}
{"level":"error","message":"Error listing ports (attempt 3/3): list is not a function","timestamp":"2025-08-26T07:37:17.013Z"}
{"level":"error","message":"Error listing ports (attempt 1/3): list is not a function","timestamp":"2025-08-26T07:37:20.701Z"}
{"level":"error","message":"Error listing ports (attempt 2/3): list is not a function","timestamp":"2025-08-26T07:37:21.713Z"}
{"level":"error","message":"Error listing ports (attempt 3/3): list is not a function","timestamp":"2025-08-26T07:37:22.719Z"}
{"level":"error","message":"Error listing ports (attempt 1/3): list is not a function","timestamp":"2025-08-26T07:37:37.567Z"}
{"level":"error","message":"Error listing ports (attempt 2/3): list is not a function","timestamp":"2025-08-26T07:37:38.574Z"}
{"level":"error","message":"Error listing ports (attempt 3/3): list is not a function","timestamp":"2025-08-26T07:37:39.581Z"}
{"level":"error","message":"Error listing ports (attempt 1/3): list is not a function","timestamp":"2025-08-26T07:37:51.523Z"}
{"level":"error","message":"Error listing ports (attempt 2/3): list is not a function","timestamp":"2025-08-26T07:37:52.529Z"}
{"level":"error","message":"Error listing ports (attempt 3/3): list is not a function","timestamp":"2025-08-26T07:37:53.532Z"}
{"level":"error","message":"Error listing ports (attempt 1/3): list is not a function","timestamp":"2025-08-26T07:38:40.831Z"}
{"level":"error","message":"Error listing ports (attempt 2/3): list is not a function","timestamp":"2025-08-26T07:38:41.833Z"}
{"level":"error","message":"Error listing ports (attempt 3/3): list is not a function","timestamp":"2025-08-26T07:38:42.838Z"}
{"level":"error","message":"Error listing ports (attempt 1/3): list is not a function","timestamp":"2025-08-26T07:44:12.653Z"}
{"level":"error","message":"Error listing ports (attempt 2/3): list is not a function","timestamp":"2025-08-26T07:44:13.657Z"}
{"level":"error","message":"Error listing ports (attempt 1/3): list is not a function","timestamp":"2025-08-26T07:44:13.836Z"}
{"level":"error","message":"Error listing ports (attempt 1/3): list is not a function","timestamp":"2025-08-26T07:44:14.033Z"}
{"level":"error","message":"Error listing ports (attempt 1/3): list is not a function","timestamp":"2025-08-26T07:44:14.221Z"}
{"level":"error","message":"Error listing ports (attempt 1/3): list is not a function","timestamp":"2025-08-26T07:44:14.412Z"}
{"level":"error","message":"Error listing ports (attempt 1/3): list is not a function","timestamp":"2025-08-26T07:44:14.568Z"}
{"level":"error","message":"Error listing ports (attempt 3/3): list is not a function","timestamp":"2025-08-26T07:44:14.658Z"}
{"level":"error","message":"Error listing ports (attempt 2/3): list is not a function","timestamp":"2025-08-26T07:44:14.838Z"}
{"level":"error","message":"Error listing ports (attempt 2/3): list is not a function","timestamp":"2025-08-26T07:44:15.035Z"}
{"level":"error","message":"Error listing ports (attempt 2/3): list is not a function","timestamp":"2025-08-26T07:44:15.243Z"}
{"level":"error","message":"Error listing ports (attempt 2/3): list is not a function","timestamp":"2025-08-26T07:44:15.417Z"}
{"level":"error","message":"Error listing ports (attempt 2/3): list is not a function","timestamp":"2025-08-26T07:44:15.569Z"}
{"level":"error","message":"Error listing ports (attempt 3/3): list is not a function","timestamp":"2025-08-26T07:44:15.844Z"}
{"level":"error","message":"Error listing ports (attempt 3/3): list is not a function","timestamp":"2025-08-26T07:44:16.043Z"}
{"level":"error","message":"Error listing ports (attempt 3/3): list is not a function","timestamp":"2025-08-26T07:44:16.245Z"}
{"level":"error","message":"Error listing ports (attempt 3/3): list is not a function","timestamp":"2025-08-26T07:44:16.424Z"}
{"level":"error","message":"Error listing ports (attempt 3/3): list is not a function","timestamp":"2025-08-26T07:44:16.583Z"}
{"level":"error","message":"Error listing ports (attempt 1/3): list is not a function","timestamp":"2025-08-26T07:44:23.045Z"}
{"level":"error","message":"Error listing ports (attempt 1/3): list is not a function","timestamp":"2025-08-26T07:44:23.361Z"}
{"level":"error","message":"Error listing ports (attempt 1/3): list is not a function","timestamp":"2025-08-26T07:44:23.563Z"}
{"level":"error","message":"Error listing ports (attempt 2/3): list is not a function","timestamp":"2025-08-26T07:44:24.047Z"}
{"level":"error","message":"Error listing ports (attempt 2/3): list is not a function","timestamp":"2025-08-26T07:44:24.366Z"}
{"level":"error","message":"Error listing ports (attempt 2/3): list is not a function","timestamp":"2025-08-26T07:44:24.574Z"}
{"level":"error","message":"Error listing ports (attempt 3/3): list is not a function","timestamp":"2025-08-26T07:44:25.057Z"}
{"level":"error","message":"Error listing ports (attempt 3/3): list is not a function","timestamp":"2025-08-26T07:44:25.368Z"}
{"level":"error","message":"Error listing ports (attempt 3/3): list is not a function","timestamp":"2025-08-26T07:44:25.585Z"}
{"level":"error","message":"Error parsing data from COM5: Unexpected non-whitespace character after JSON at position 2 (line 1 column 3)","timestamp":"2025-08-26T08:00:33.204Z"}
{"level":"error","message":"Error parsing data from COM5: Unexpected non-whitespace character after JSON at position 2 (line 1 column 3)","timestamp":"2025-08-26T08:00:33.266Z"}
{"level":"error","message":"Error parsing data from COM5: Unexpected non-whitespace character after JSON at position 2 (line 1 column 3)","timestamp":"2025-08-26T08:00:33.377Z"}
{"level":"error","message":"Error parsing data from COM5: Unexpected non-whitespace character after JSON at position 2 (line 1 column 3)","timestamp":"2025-08-26T08:00:33.516Z"}
{"level":"error","message":"Error parsing data from COM5: Unexpected non-whitespace character after JSON at position 2 (line 1 column 3)","timestamp":"2025-08-26T08:00:33.597Z"}
{"level":"error","message":"Error parsing data from COM5: Unexpected non-whitespace character after JSON at position 2 (line 1 column 3)","timestamp":"2025-08-26T08:00:40.135Z"}
{"level":"error","message":"Error parsing data from COM5: Unexpected non-whitespace character after JSON at position 2 (line 1 column 3)","timestamp":"2025-08-26T08:00:40.162Z"}
{"level":"error","message":"Error parsing data from COM5: Unexpected non-whitespace character after JSON at position 2 (line 1 column 3)","timestamp":"2025-08-26T08:00:40.294Z"}
{"level":"error","message":"Error parsing data from COM5: Unexpected non-whitespace character after JSON at position 2 (line 1 column 3)","timestamp":"2025-08-26T08:00:40.403Z"}
{"level":"error","message":"Error parsing data from COM5: Unexpected non-whitespace character after JSON at position 2 (line 1 column 3)","timestamp":"2025-08-26T08:00:42.336Z"}
{"level":"error","message":"Error parsing data from COM5: Unexpected non-whitespace character after JSON at position 2 (line 1 column 3)","timestamp":"2025-08-26T08:00:42.444Z"}
{"level":"error","message":"Error parsing data from COM5: Unexpected non-whitespace character after JSON at position 2 (line 1 column 3)","timestamp":"2025-08-26T08:00:42.564Z"}
{"level":"error","message":"Error parsing data from COM5: Unexpected non-whitespace character after JSON at position 2 (line 1 column 3)","timestamp":"2025-08-26T08:00:42.688Z"}
{"level":"error","message":"Error initializing ports (attempt 1/3): setupFighter1 is not defined","timestamp":"2025-08-26T08:15:08.073Z"}
{"level":"error","message":"Error initializing ports (attempt 2/3): setupFighter1 is not defined","timestamp":"2025-08-26T08:15:10.080Z"}
{"level":"error","message":"Error initializing ports (attempt 3/3): setupFighter1 is not defined","timestamp":"2025-08-26T08:15:12.095Z"}
{"level":"error","message":"Error connecting COM ports: setupFighter1 is not defined","timestamp":"2025-08-26T08:15:20.392Z"}
{"level":"error","message":"ล้มเหลว Fighter2: Opening COM5: Unknown error code 121","timestamp":"2025-08-26T08:42:26.812Z"}
{"level":"error","message":"ล้มเหลว Fighter2: Opening COM5: Access denied","timestamp":"2025-08-26T08:42:39.837Z"}
{"level":"error","message":"ล้มเหลว Fighter2: Opening COM5: Unknown error code 121","timestamp":"2025-08-26T08:42:41.709Z"}
{"level":"error","message":"ล้มเหลว Fighter2: Opening COM5: Access denied","timestamp":"2025-08-26T08:42:43.713Z"}
{"level":"error","message":"ล้มเหลว Fighter2: Opening COM5: Access denied","timestamp":"2025-08-26T08:42:45.724Z"}
{"level":"error","message":"ล้มเหลว Fighter1: Opening COM5: Unknown error code 121","timestamp":"2025-08-26T08:43:17.792Z"}
{"level":"error","message":"ล้มเหลว Fighter1: Opening COM5: Unknown error code 121","timestamp":"2025-08-26T08:43:32.685Z"}
{"level":"error","message":"ล้มเหลว Fighter1: Opening COM5: Unknown error code 121","timestamp":"2025-08-26T08:43:47.573Z"}
{"level":"error","message":"ล้มเหลว Fighter1: Opening COM5: Unknown error code 121","timestamp":"2025-08-26T08:44:02.403Z"}
{"level":"error","message":"ล้มเหลว Fighter2: Opening COM5: Unknown error code 121","timestamp":"2025-08-26T08:45:11.625Z"}
{"level":"error","message":"ล้มเหลว Fighter2: Opening COM5: Unknown error code 121","timestamp":"2025-08-26T08:45:26.443Z"}
{"level":"error","message":"ล้มเหลว Fighter2: Opening COM5: Unknown error code 121","timestamp":"2025-08-26T08:45:41.266Z"}
{"level":"error","message":"ล้มเหลว Fighter2: Opening COM5: Unknown error code 121","timestamp":"2025-08-26T08:45:56.152Z"}
{"level":"info","message":"ส่งสถานะ: {\"port1\":\"COM4\",\"connected1\":false,\"port2\":\"COM5\",\"connected2\":false}","timestamp":"2025-08-26T08:54:16.554Z"}
{"level":"info","message":"ส่งสถานะ: {\"port1\":\"COM4\",\"connected1\":false,\"port2\":\"COM5\",\"connected2\":false}","timestamp":"2025-08-26T08:54:16.662Z"}
{"level":"info","message":"ส่งสถานะ: {\"port1\":\"COM4\",\"connected1\":false,\"port2\":\"COM5\",\"connected2\":false}","timestamp":"2025-08-26T08:54:16.667Z"}
{"level":"info","message":"ส่งสถานะ: {\"port1\":\"COM4\",\"connected1\":true,\"port2\":\"COM5\",\"connected2\":false}","timestamp":"2025-08-26T08:54:35.099Z"}
{"level":"error","message":"ล้มเหลว Fighter2: Opening COM5: Unknown error code 121","timestamp":"2025-08-26T08:54:47.975Z"}
{"level":"error","message":"ล้มเหลว Fighter2: Opening COM5: Unknown error code 121","timestamp":"2025-08-26T08:55:02.865Z"}
{"level":"error","message":"ล้มเหลว Fighter2: Opening COM5: Unknown error code 121","timestamp":"2025-08-26T08:55:17.703Z"}
{"level":"error","message":"ล้มเหลว Fighter2: Opening COM5: Unknown error code 121","timestamp":"2025-08-26T08:55:32.593Z"}
{"level":"info","message":"ส่งสถานะ: {\"port1\":\"COM4\",\"connected1\":true,\"port2\":\"COM5\",\"connected2\":false}","timestamp":"2025-08-26T08:55:32.595Z"}
{"level":"info","message":"ส่งสถานะ: {\"port1\":\"COM4\",\"connected1\":true,\"port2\":\"COM5\",\"connected2\":false}","timestamp":"2025-08-26T08:56:10.106Z"}
{"level":"info","message":"ส่งสถานะ: {\"port1\":\"COM4\",\"connected1\":true,\"port2\":\"COM5\",\"connected2\":false}","timestamp":"2025-08-26T08:56:10.128Z"}
{"level":"info","message":"ส่งสถานะ: {\"port1\":\"COM4\",\"connected1\":true,\"port2\":\"COM5\",\"connected2\":false}","timestamp":"2025-08-26T08:56:10.131Z"}
{"level":"info","message":"ส่งสถานะ: {\"port1\":\"COM4\",\"connected1\":false,\"port2\":\"COM5\",\"connected2\":false}","timestamp":"2025-08-26T08:56:13.039Z"}
{"level":"info","message":"ส่งสถานะ: {\"port1\":\"COM4\",\"connected1\":false,\"port2\":\"COM5\",\"connected2\":false}","timestamp":"2025-08-26T08:56:13.040Z"}
{"level":"info","message":"ส่งสถานะ: {\"port1\":\"COM4\",\"connected1\":false,\"port2\":\"COM5\",\"connected2\":false}","timestamp":"2025-08-26T08:56:13.040Z"}
{"level":"info","message":"ส่งสถานะ: {\"port1\":\"COM4\",\"connected1\":false,\"port2\":\"COM5\",\"connected2\":false}","timestamp":"2025-08-26T08:56:15.320Z"}
{"level":"info","message":"ส่งสถานะ: {\"port1\":\"COM4\",\"connected1\":false,\"port2\":\"COM5\",\"connected2\":false}","timestamp":"2025-08-26T08:56:15.344Z"}
{"level":"info","message":"ส่งสถานะ: {\"port1\":\"COM4\",\"connected1\":false,\"port2\":\"COM5\",\"connected2\":false}","timestamp":"2025-08-26T08:56:15.348Z"}
{"level":"info","message":"ส่งสถานะ: {\"port1\":\"COM4\",\"connected1\":false,\"port2\":\"COM5\",\"connected2\":false}","timestamp":"2025-08-26T08:56:36.447Z"}
{"level":"info","message":"ส่งสถานะ: {\"port1\":\"COM4\",\"connected1\":false,\"port2\":\"COM5\",\"connected2\":false}","timestamp":"2025-08-26T08:56:36.455Z"}
{"level":"info","message":"ส่งสถานะ: {\"port1\":\"COM5\",\"connected1\":true,\"port2\":\"COM4\",\"connected2\":false}","timestamp":"2025-08-26T08:57:02.517Z"}
{"level":"info","message":"ส่งสถานะ: {\"port1\":\"COM5\",\"connected1\":true,\"port2\":\"COM4\",\"connected2\":true}","timestamp":"2025-08-26T08:57:02.522Z"}
{"level":"info","message":"ส่งสถานะ: {\"port1\":\"COM5\",\"connected1\":true,\"port2\":\"COM4\",\"connected2\":true}","timestamp":"2025-08-26T08:57:02.523Z"}
{"level":"info","message":"ส่งสถานะ: {\"port1\":\"COM5\",\"connected1\":true,\"port2\":\"COM4\",\"connected2\":true}","timestamp":"2025-08-26T08:57:06.829Z"}
{"level":"info","message":"ส่งสถานะ: {\"port1\":\"COM5\",\"connected1\":true,\"port2\":\"COM4\",\"connected2\":true}","timestamp":"2025-08-26T08:57:06.852Z"}
{"level":"info","message":"ส่งสถานะ: {\"port1\":\"COM5\",\"connected1\":true,\"port2\":\"COM4\",\"connected2\":true}","timestamp":"2025-08-26T08:57:06.856Z"}
{"level":"info","message":"ส่งสถานะ: {\"port1\":\"COM5\",\"connected1\":true,\"port2\":\"COM4\",\"connected2\":true}","timestamp":"2025-08-26T08:57:08.663Z"}
{"level":"info","message":"ส่งสถานะ: {\"port1\":\"COM5\",\"connected1\":true,\"port2\":\"COM4\",\"connected2\":true}","timestamp":"2025-08-26T08:57:08.710Z"}
{"level":"info","message":"ส่งสถานะ: {\"port1\":\"COM5\",\"connected1\":true,\"port2\":\"COM4\",\"connected2\":true}","timestamp":"2025-08-26T08:57:08.726Z"}
{"level":"info","message":"ส่งสถานะ: {\"port1\":\"COM5\",\"connected1\":true,\"port2\":\"COM4\",\"connected2\":true}","timestamp":"2025-08-26T08:57:10.577Z"}
{"level":"info","message":"ส่งสถานะ: {\"port1\":\"COM5\",\"connected1\":true,\"port2\":\"COM4\",\"connected2\":true}","timestamp":"2025-08-26T08:57:10.600Z"}
{"level":"info","message":"ส่งสถานะ: {\"port1\":\"COM5\",\"connected1\":true,\"port2\":\"COM4\",\"connected2\":true}","timestamp":"2025-08-26T08:57:10.609Z"}
{"level":"info","message":"ส่งสถานะ: {\"port1\":\"COM5\",\"connected1\":true,\"port2\":\"COM4\",\"connected2\":true}","timestamp":"2025-08-26T08:57:32.797Z"}
{"level":"info","message":"ส่งสถานะ: {\"port1\":\"COM5\",\"connected1\":true,\"port2\":\"COM4\",\"connected2\":true}","timestamp":"2025-08-26T08:57:32.801Z"}
{"level":"info","message":"ส่งสถานะ: {\"port1\":\"COM5\",\"connected1\":false,\"port2\":\"COM4\",\"connected2\":false}","timestamp":"2025-08-26T08:57:47.452Z"}
{"level":"info","message":"ส่งสถานะ: {\"port1\":\"COM5\",\"connected1\":false,\"port2\":\"COM4\",\"connected2\":false}","timestamp":"2025-08-26T08:57:47.453Z"}
{"level":"info","message":"ส่งสถานะ: {\"port1\":\"COM5\",\"connected1\":false,\"port2\":\"COM4\",\"connected2\":false}","timestamp":"2025-08-26T08:57:47.454Z"}
{"level":"info","message":"ส่งสถานะ: {\"port1\":\"COM5\",\"connected1\":false,\"port2\":\"COM4\",\"connected2\":false}","timestamp":"2025-08-26T08:57:47.455Z"}
{"level":"info","message":"ส่งสถานะ: {\"port1\":\"COM5\",\"connected1\":false,\"port2\":\"COM4\",\"connected2\":false}","timestamp":"2025-08-26T08:57:47.455Z"}
{"level":"info","message":"ส่งสถานะ: {\"port1\":\"COM5\",\"connected1\":false,\"port2\":\"COM4\",\"connected2\":false}","timestamp":"2025-08-26T08:57:54.488Z"}
{"level":"info","message":"ส่งสถานะ: {\"port1\":\"COM5\",\"connected1\":false,\"port2\":\"COM4\",\"connected2\":false}","timestamp":"2025-08-26T08:57:54.530Z"}
{"level":"info","message":"ส่งสถานะ: {\"port1\":\"COM5\",\"connected1\":false,\"port2\":\"COM4\",\"connected2\":false}","timestamp":"2025-08-26T08:57:54.535Z"}
{"level":"info","message":"ส่งสถานะ: {\"port1\":\"COM5\",\"connected1\":true,\"port2\":\"COM4\",\"connected2\":false}","timestamp":"2025-08-26T08:58:05.357Z"}
{"level":"info","message":"ส่งสถานะ: {\"port1\":\"COM5\",\"connected1\":true,\"port2\":\"COM4\",\"connected2\":true}","timestamp":"2025-08-26T08:58:05.360Z"}
{"level":"info","message":"ส่งสถานะ: {\"port1\":\"COM5\",\"connected1\":true,\"port2\":\"COM4\",\"connected2\":true}","timestamp":"2025-08-26T08:58:05.362Z"}
{"level":"info","message":"ส่งสถานะ: {\"port1\":\"COM5\",\"connected1\":true,\"port2\":\"COM4\",\"connected2\":true}","timestamp":"2025-08-26T08:59:09.501Z"}
{"level":"info","message":"ส่งสถานะ: {\"port1\":\"COM5\",\"connected1\":true,\"port2\":\"COM4\",\"connected2\":true}","timestamp":"2025-08-26T08:59:09.537Z"}
{"level":"info","message":"ส่งสถานะ: {\"port1\":\"COM5\",\"connected1\":true,\"port2\":\"COM4\",\"connected2\":true}","timestamp":"2025-08-26T08:59:09.543Z"}
{"level":"info","message":"ส่งสถานะ: {\"port1\":\"COM5\",\"connected1\":true,\"port2\":\"COM4\",\"connected2\":true}","timestamp":"2025-08-26T08:59:32.125Z"}
{"level":"info","message":"ส่งสถานะ: {\"port1\":\"COM5\",\"connected1\":true,\"port2\":\"COM4\",\"connected2\":true}","timestamp":"2025-08-26T08:59:32.129Z"}
{"level":"info","message":"ส่งสถานะ: {\"port1\":\"COM5\",\"connected1\":true,\"port2\":\"COM4\",\"connected2\":true}","timestamp":"2025-08-26T08:59:39.533Z"}
{"level":"info","message":"ส่งสถานะ: {\"port1\":\"COM5\",\"connected1\":true,\"port2\":\"COM4\",\"connected2\":true}","timestamp":"2025-08-26T08:59:39.535Z"}
{"level":"info","message":"ส่งสถานะ: {\"port1\":\"COM5\",\"connected1\":true,\"port2\":\"COM4\",\"connected2\":true}","timestamp":"2025-08-26T09:00:04.555Z"}
{"level":"info","message":"ส่งสถานะ: {\"port1\":\"COM5\",\"connected1\":true,\"port2\":\"COM4\",\"connected2\":true}","timestamp":"2025-08-26T09:00:04.559Z"}
{"level":"info","message":"ส่งสถานะ: {\"port1\":\"COM5\",\"connected1\":true,\"port2\":\"COM4\",\"connected2\":true}","timestamp":"2025-08-26T09:00:27.150Z"}
{"level":"info","message":"ส่งสถานะ: {\"port1\":\"COM5\",\"connected1\":true,\"port2\":\"COM4\",\"connected2\":true}","timestamp":"2025-08-26T09:00:27.153Z"}
{"level":"info","message":"ส่งสถานะ: {\"port1\":\"COM5\",\"connected1\":true,\"port2\":\"COM4\",\"connected2\":true}","timestamp":"2025-08-26T09:00:29.648Z"}
{"level":"info","message":"ส่งสถานะ: {\"port1\":\"COM5\",\"connected1\":true,\"port2\":\"COM4\",\"connected2\":true}","timestamp":"2025-08-26T09:00:29.652Z"}
{"level":"info","message":"ส่งสถานะ: {\"port1\":\"COM5\",\"connected1\":true,\"port2\":\"COM4\",\"connected2\":true}","timestamp":"2025-08-26T09:00:33.506Z"}
{"level":"info","message":"ส่งสถานะ: {\"port1\":\"COM5\",\"connected1\":true,\"port2\":\"COM4\",\"connected2\":true}","timestamp":"2025-08-26T09:00:33.510Z"}
{"level":"info","message":"ส่งสถานะ: {\"port1\":\"COM5\",\"connected1\":true,\"port2\":\"COM4\",\"connected2\":true}","timestamp":"2025-08-26T09:01:03.334Z"}
{"level":"info","message":"ส่งสถานะ: {\"port1\":\"COM5\",\"connected1\":true,\"port2\":\"COM4\",\"connected2\":true}","timestamp":"2025-08-26T09:01:03.339Z"}
{"level":"info","message":"ส่งสถานะ: {\"port1\":\"COM5\",\"connected1\":true,\"port2\":\"COM4\",\"connected2\":true}","timestamp":"2025-08-26T09:01:08.843Z"}
{"level":"info","message":"ส่งสถานะ: {\"port1\":\"COM5\",\"connected1\":true,\"port2\":\"COM4\",\"connected2\":true}","timestamp":"2025-08-26T09:01:08.848Z"}
{"level":"info","message":"ส่งสถานะ: {\"port1\":\"COM5\",\"connected1\":true,\"port2\":\"COM4\",\"connected2\":true}","timestamp":"2025-08-26T09:01:24.348Z"}
{"level":"info","message":"ส่งสถานะ: {\"port1\":\"COM5\",\"connected1\":true,\"port2\":\"COM4\",\"connected2\":true}","timestamp":"2025-08-26T09:01:24.352Z"}
{"level":"info","message":"ส่งสถานะ: {\"port1\":\"COM5\",\"connected1\":true,\"port2\":\"COM4\",\"connected2\":true}","timestamp":"2025-08-26T09:01:30.873Z"}
{"level":"info","message":"ส่งสถานะ: {\"port1\":\"COM5\",\"connected1\":true,\"port2\":\"COM4\",\"connected2\":true}","timestamp":"2025-08-26T09:01:30.877Z"}
{"level":"info","message":"ส่งสถานะ: {\"port1\":\"COM5\",\"connected1\":true,\"port2\":\"COM4\",\"connected2\":true}","timestamp":"2025-08-26T09:01:32.344Z"}
{"level":"info","message":"ส่งสถานะ: {\"port1\":\"COM5\",\"connected1\":true,\"port2\":\"COM4\",\"connected2\":true}","timestamp":"2025-08-26T09:01:32.348Z"}
{"level":"info","message":"ส่งสถานะ: {\"port1\":\"COM5\",\"connected1\":true,\"port2\":\"COM4\",\"connected2\":true}","timestamp":"2025-08-26T09:01:33.758Z"}
{"level":"info","message":"ส่งสถานะ: {\"port1\":\"COM5\",\"connected1\":true,\"port2\":\"COM4\",\"connected2\":true}","timestamp":"2025-08-26T09:01:33.761Z"}
{"level":"info","message":"ส่งสถานะ: {\"port1\":\"COM5\",\"connected1\":true,\"port2\":\"COM4\",\"connected2\":true}","timestamp":"2025-08-26T09:01:35.299Z"}
{"level":"info","message":"ส่งสถานะ: {\"port1\":\"COM5\",\"connected1\":true,\"port2\":\"COM4\",\"connected2\":true}","timestamp":"2025-08-26T09:01:35.303Z"}
{"level":"info","message":"ส่งสถานะ: {\"port1\":\"COM5\",\"connected1\":true,\"port2\":\"COM4\",\"connected2\":true}","timestamp":"2025-08-26T09:01:41.176Z"}
{"level":"info","message":"ส่งสถานะ: {\"port1\":\"COM5\",\"connected1\":true,\"port2\":\"COM4\",\"connected2\":true}","timestamp":"2025-08-26T09:01:41.180Z"}
{"level":"info","message":"ส่งสถานะ: {\"port1\":\"COM5\",\"connected1\":true,\"port2\":\"COM4\",\"connected2\":true}","timestamp":"2025-08-26T09:01:46.228Z"}
{"level":"info","message":"ส่งสถานะ: {\"port1\":\"COM5\",\"connected1\":true,\"port2\":\"COM4\",\"connected2\":true}","timestamp":"2025-08-26T09:01:46.232Z"}
{"level":"info","message":"ส่งสถานะ: {\"port1\":\"COM5\",\"connected1\":false,\"port2\":\"COM4\",\"connected2\":true}","timestamp":"2025-08-26T09:08:02.715Z"}
{"level":"info","message":"ส่งสถานะ: {\"port1\":\"COM5\",\"connected1\":false,\"port2\":\"COM4\",\"connected2\":true}","timestamp":"2025-08-26T09:08:02.716Z"}
{"level":"info","message":"ส่งสถานะ: {\"port1\":\"COM5\",\"connected1\":false,\"port2\":\"COM4\",\"connected2\":false}","timestamp":"2025-08-26T09:08:02.717Z"}
{"level":"info","message":"ส่งสถานะ: {\"port1\":\"COM5\",\"connected1\":false,\"port2\":\"COM4\",\"connected2\":false}","timestamp":"2025-08-26T09:08:02.717Z"}
{"level":"info","message":"ส่งสถานะ: {\"port1\":null,\"connected1\":false,\"port2\":null,\"connected2\":false}","timestamp":"2025-08-26T09:08:18.177Z"}
{"level":"info","message":"ส่งสถานะ: {\"port1\":null,\"connected1\":false,\"port2\":null,\"connected2\":false}","timestamp":"2025-08-26T09:08:18.186Z"}
{"level":"info","message":"ส่งสถานะ: {\"port1\":null,\"connected1\":false,\"port2\":null,\"connected2\":false}","timestamp":"2025-08-26T09:08:19.611Z"}
{"level":"info","message":"ส่งสถานะ: {\"port1\":null,\"connected1\":false,\"port2\":null,\"connected2\":false}","timestamp":"2025-08-26T09:08:19.728Z"}
{"level":"info","message":"ส่งสถานะ: {\"port1\":null,\"connected1\":false,\"port2\":null,\"connected2\":false}","timestamp":"2025-08-26T09:08:19.743Z"}
{"level":"info","message":"ส่งสถานะ: {\"port1\":\"COM5\",\"connected1\":true,\"port2\":\"COM4\",\"connected2\":false}","timestamp":"2025-08-26T09:08:25.148Z"}
{"level":"info","message":"ส่งสถานะ: {\"port1\":\"COM5\",\"connected1\":true,\"port2\":\"COM4\",\"connected2\":true}","timestamp":"2025-08-26T09:08:25.150Z"}
{"level":"info","message":"ส่งสถานะ: {\"port1\":\"COM5\",\"connected1\":true,\"port2\":\"COM4\",\"connected2\":true}","timestamp":"2025-08-26T09:08:25.151Z"}
{"level":"info","message":"ส่งสถานะ: {\"port1\":\"COM5\",\"connected1\":true,\"port2\":\"COM4\",\"connected2\":true}","timestamp":"2025-08-26T09:08:29.525Z"}
{"level":"info","message":"ส่งสถานะ: {\"port1\":\"COM5\",\"connected1\":true,\"port2\":\"COM4\",\"connected2\":true}","timestamp":"2025-08-26T09:08:29.561Z"}
{"level":"info","message":"ส่งสถานะ: {\"port1\":\"COM5\",\"connected1\":true,\"port2\":\"COM4\",\"connected2\":true}","timestamp":"2025-08-26T09:08:29.566Z"}
{"level":"info","message":"ส่งสถานะ: {\"port1\":\"COM5\",\"connected1\":true,\"port2\":\"COM4\",\"connected2\":true}","timestamp":"2025-08-26T09:08:34.860Z"}
{"level":"info","message":"ส่งสถานะ: {\"port1\":\"COM5\",\"connected1\":true,\"port2\":\"COM4\",\"connected2\":true}","timestamp":"2025-08-26T09:08:34.864Z"}
{"level":"info","message":"ส่งสถานะ: {\"port1\":\"COM5\",\"connected1\":true,\"port2\":\"COM4\",\"connected2\":true}","timestamp":"2025-08-26T09:08:45.123Z"}
{"level":"info","message":"ส่งสถานะ: {\"port1\":\"COM5\",\"connected1\":true,\"port2\":\"COM4\",\"connected2\":true}","timestamp":"2025-08-26T09:08:45.127Z"}
{"level":"info","message":"ส่งสถานะ: {\"port1\":\"COM5\",\"connected1\":true,\"port2\":\"COM4\",\"connected2\":true}","timestamp":"2025-08-26T09:08:51.951Z"}
{"level":"info","message":"ส่งสถานะ: {\"port1\":\"COM5\",\"connected1\":true,\"port2\":\"COM4\",\"connected2\":true}","timestamp":"2025-08-26T09:08:51.955Z"}
{"level":"info","message":"ส่งสถานะ: {\"port1\":\"COM5\",\"connected1\":true,\"port2\":\"COM4\",\"connected2\":true}","timestamp":"2025-08-26T09:09:14.173Z"}
{"level":"info","message":"ส่งสถานะ: {\"port1\":\"COM5\",\"connected1\":true,\"port2\":\"COM4\",\"connected2\":true}","timestamp":"2025-08-26T09:09:14.178Z"}
{"level":"info","message":"ส่งสถานะ: {\"port1\":\"COM5\",\"connected1\":true,\"port2\":\"COM4\",\"connected2\":true}","timestamp":"2025-08-26T09:09:16.176Z"}
{"level":"info","message":"ส่งสถานะ: {\"port1\":\"COM5\",\"connected1\":true,\"port2\":\"COM4\",\"connected2\":true}","timestamp":"2025-08-26T09:09:16.180Z"}
{"level":"info","message":"ส่งสถานะ: {\"port1\":\"COM5\",\"connected1\":true,\"port2\":\"COM4\",\"connected2\":true}","timestamp":"2025-08-26T09:09:25.172Z"}
{"level":"info","message":"ส่งสถานะ: {\"port1\":\"COM5\",\"connected1\":true,\"port2\":\"COM4\",\"connected2\":true}","timestamp":"2025-08-26T09:09:25.175Z"}
{"level":"info","message":"ส่งสถานะ: {\"port1\":\"COM5\",\"connected1\":true,\"port2\":\"COM4\",\"connected2\":true}","timestamp":"2025-08-26T09:09:35.178Z"}
{"level":"info","message":"ส่งสถานะ: {\"port1\":\"COM5\",\"connected1\":true,\"port2\":\"COM4\",\"connected2\":true}","timestamp":"2025-08-26T09:09:35.182Z"}
{"level":"info","message":"ส่งสถานะ: {\"port1\":\"COM5\",\"connected1\":false,\"port2\":\"COM4\",\"connected2\":true}","timestamp":"2025-08-26T09:10:48.982Z"}
{"level":"info","message":"ส่งสถานะ: {\"port1\":\"COM5\",\"connected1\":false,\"port2\":\"COM4\",\"connected2\":true}","timestamp":"2025-08-26T09:10:48.983Z"}
{"level":"info","message":"ส่งสถานะ: {\"port1\":\"COM5\",\"connected1\":false,\"port2\":\"COM4\",\"connected2\":false}","timestamp":"2025-08-26T09:10:48.983Z"}
{"level":"info","message":"ส่งสถานะ: {\"port1\":\"COM5\",\"connected1\":false,\"port2\":\"COM4\",\"connected2\":false}","timestamp":"2025-08-26T09:10:48.984Z"}
{"level":"info","message":"ส่งสถานะ: {\"port1\":null,\"connected1\":false,\"port2\":null,\"connected2\":false}","timestamp":"2025-08-26T09:14:03.683Z"}
{"level":"info","message":"ส่งสถานะ: {\"port1\":null,\"connected1\":false,\"port2\":null,\"connected2\":false}","timestamp":"2025-08-26T09:14:03.691Z"}
{"level":"info","message":"ส่งสถานะ: {\"port1\":null,\"connected1\":false,\"port2\":null,\"connected2\":false}","timestamp":"2025-08-26T09:14:10.577Z"}
{"level":"info","message":"ส่งสถานะ: {\"port1\":null,\"connected1\":false,\"port2\":null,\"connected2\":false}","timestamp":"2025-08-26T09:14:10.696Z"}
{"level":"info","message":"ส่งสถานะ: {\"port1\":null,\"connected1\":false,\"port2\":null,\"connected2\":false}","timestamp":"2025-08-26T09:14:10.717Z"}
{"level":"info","message":"ส่งสถานะ: {\"port1\":\"COM5\",\"connected1\":true,\"port2\":\"COM4\",\"connected2\":false}","timestamp":"2025-08-26T09:14:14.745Z"}
{"level":"info","message":"ส่งสถานะ: {\"port1\":\"COM5\",\"connected1\":true,\"port2\":\"COM4\",\"connected2\":true}","timestamp":"2025-08-26T09:14:14.748Z"}
{"level":"info","message":"ส่งสถานะ: {\"port1\":\"COM5\",\"connected1\":true,\"port2\":\"COM4\",\"connected2\":true}","timestamp":"2025-08-26T09:14:14.749Z"}
{"level":"info","message":"ส่งสถานะ: {\"port1\":\"COM5\",\"connected1\":true,\"port2\":\"COM4\",\"connected2\":true}","timestamp":"2025-08-26T09:14:19.376Z"}
{"level":"info","message":"ส่งสถานะ: {\"port1\":\"COM5\",\"connected1\":true,\"port2\":\"COM4\",\"connected2\":true}","timestamp":"2025-08-26T09:14:19.415Z"}
{"level":"info","message":"ส่งสถานะ: {\"port1\":\"COM5\",\"connected1\":true,\"port2\":\"COM4\",\"connected2\":true}","timestamp":"2025-08-26T09:14:19.423Z"}
{"level":"info","message":"ส่งสถานะ: {\"port1\":\"COM5\",\"connected1\":true,\"port2\":\"COM4\",\"connected2\":true}","timestamp":"2025-08-26T09:15:31.176Z"}
{"level":"info","message":"ส่งสถานะ: {\"port1\":\"COM5\",\"connected1\":true,\"port2\":\"COM4\",\"connected2\":true}","timestamp":"2025-08-26T09:15:31.180Z"}
{"level":"info","message":"ส่งสถานะ: {\"port1\":\"COM5\",\"connected1\":true,\"port2\":\"COM4\",\"connected2\":true}","timestamp":"2025-08-26T09:15:37.174Z"}
{"level":"info","message":"ส่งสถานะ: {\"port1\":\"COM5\",\"connected1\":true,\"port2\":\"COM4\",\"connected2\":true}","timestamp":"2025-08-26T09:15:37.178Z"}
{"level":"info","message":"ส่งสถานะ: {\"port1\":\"COM5\",\"connected1\":true,\"port2\":\"COM4\",\"connected2\":true}","timestamp":"2025-08-26T09:15:42.839Z"}
{"level":"info","message":"ส่งสถานะ: {\"port1\":\"COM5\",\"connected1\":true,\"port2\":\"COM4\",\"connected2\":true}","timestamp":"2025-08-26T09:15:42.887Z"}
{"level":"info","message":"ส่งสถานะ: {\"port1\":\"COM5\",\"connected1\":true,\"port2\":\"COM4\",\"connected2\":true}","timestamp":"2025-08-26T09:15:42.893Z"}
{"level":"info","message":"ส่งสถานะ: {\"port1\":\"COM5\",\"connected1\":true,\"port2\":\"COM4\",\"connected2\":true}","timestamp":"2025-08-26T09:15:54.172Z"}
{"level":"info","message":"ส่งสถานะ: {\"port1\":\"COM5\",\"connected1\":true,\"port2\":\"COM4\",\"connected2\":true}","timestamp":"2025-08-26T09:15:54.175Z"}
{"level":"info","message":"ส่งสถานะ: {\"port1\":\"COM5\",\"connected1\":true,\"port2\":\"COM4\",\"connected2\":true}","timestamp":"2025-08-26T09:16:23.171Z"}
{"level":"info","message":"ส่งสถานะ: {\"port1\":\"COM5\",\"connected1\":true,\"port2\":\"COM4\",\"connected2\":true}","timestamp":"2025-08-26T09:16:23.174Z"}
{"level":"info","message":"ส่งสถานะ: {\"port1\":\"COM5\",\"connected1\":true,\"port2\":\"COM4\",\"connected2\":true}","timestamp":"2025-08-26T09:16:29.169Z"}
{"level":"info","message":"ส่งสถานะ: {\"port1\":\"COM5\",\"connected1\":true,\"port2\":\"COM4\",\"connected2\":true}","timestamp":"2025-08-26T09:16:29.173Z"}
{"level":"info","message":"ส่งสถานะ: {\"port1\":\"COM5\",\"connected1\":true,\"port2\":\"COM4\",\"connected2\":true}","timestamp":"2025-08-26T09:16:36.169Z"}
{"level":"info","message":"ส่งสถานะ: {\"port1\":\"COM5\",\"connected1\":true,\"port2\":\"COM4\",\"connected2\":true}","timestamp":"2025-08-26T09:16:36.174Z"}
{"level":"info","message":"ส่งสถานะ: {\"port1\":\"COM5\",\"connected1\":true,\"port2\":\"COM4\",\"connected2\":true}","timestamp":"2025-08-26T09:16:45.167Z"}
{"level":"info","message":"ส่งสถานะ: {\"port1\":\"COM5\",\"connected1\":true,\"port2\":\"COM4\",\"connected2\":true}","timestamp":"2025-08-26T09:16:45.172Z"}
{"level":"info","message":"ส่งสถานะ: {\"port1\":\"COM5\",\"connected1\":true,\"port2\":\"COM4\",\"connected2\":true}","timestamp":"2025-08-26T09:17:03.171Z"}
{"level":"info","message":"ส่งสถานะ: {\"port1\":\"COM5\",\"connected1\":true,\"port2\":\"COM4\",\"connected2\":true}","timestamp":"2025-08-26T09:17:03.175Z"}
{"level":"info","message":"ส่งสถานะ: {\"port1\":\"COM5\",\"connected1\":true,\"port2\":\"COM4\",\"connected2\":true}","timestamp":"2025-08-26T09:18:26.409Z"}
{"level":"info","message":"ส่งสถานะ: {\"port1\":\"COM5\",\"connected1\":true,\"port2\":\"COM4\",\"connected2\":true}","timestamp":"2025-08-26T09:18:26.414Z"}
{"level":"info","message":"ส่งสถานะ: {\"port1\":\"COM5\",\"connected1\":true,\"port2\":\"COM4\",\"connected2\":true}","timestamp":"2025-08-26T09:18:29.303Z"}
{"level":"info","message":"ส่งสถานะ: {\"port1\":\"COM5\",\"connected1\":true,\"port2\":\"COM4\",\"connected2\":true}","timestamp":"2025-08-26T09:18:29.307Z"}
{"level":"info","message":"ส่งสถานะ: {\"port1\":\"COM5\",\"connected1\":true,\"port2\":\"COM4\",\"connected2\":true}","timestamp":"2025-08-26T09:18:32.888Z"}
{"level":"info","message":"ส่งสถานะ: {\"port1\":\"COM5\",\"connected1\":true,\"port2\":\"COM4\",\"connected2\":true}","timestamp":"2025-08-26T09:18:32.891Z"}
{"level":"info","message":"ส่งสถานะ: {\"port1\":\"COM5\",\"connected1\":true,\"port2\":\"COM4\",\"connected2\":true}","timestamp":"2025-08-26T09:18:38.496Z"}
{"level":"info","message":"ส่งสถานะ: {\"port1\":\"COM5\",\"connected1\":true,\"port2\":\"COM4\",\"connected2\":true}","timestamp":"2025-08-26T09:18:38.499Z"}
{"level":"info","message":"ส่งสถานะ: {\"port1\":\"COM5\",\"connected1\":true,\"port2\":\"COM4\",\"connected2\":true}","timestamp":"2025-08-26T09:18:42.725Z"}
{"level":"info","message":"ส่งสถานะ: {\"port1\":\"COM5\",\"connected1\":true,\"port2\":\"COM4\",\"connected2\":true}","timestamp":"2025-08-26T09:18:42.728Z"}
{"level":"info","message":"ส่งสถานะ: {\"port1\":\"COM5\",\"connected1\":true,\"port2\":\"COM4\",\"connected2\":true}","timestamp":"2025-08-26T09:19:12.180Z"}
{"level":"info","message":"ส่งสถานะ: {\"port1\":\"COM5\",\"connected1\":true,\"port2\":\"COM4\",\"connected2\":true}","timestamp":"2025-08-26T09:19:12.183Z"}
{"level":"info","message":"ส่งสถานะ: {\"port1\":\"COM5\",\"connected1\":true,\"port2\":\"COM4\",\"connected2\":true}","timestamp":"2025-08-26T09:20:12.280Z"}
{"level":"info","message":"ส่งสถานะ: {\"port1\":\"COM5\",\"connected1\":true,\"port2\":\"COM4\",\"connected2\":true}","timestamp":"2025-08-26T09:20:12.283Z"}
{"level":"info","message":"ส่งสถานะ: {\"port1\":\"COM5\",\"connected1\":true,\"port2\":\"COM4\",\"connected2\":true}","timestamp":"2025-08-26T09:21:06.173Z"}
{"level":"info","message":"ส่งสถานะ: {\"port1\":\"COM5\",\"connected1\":true,\"port2\":\"COM4\",\"connected2\":true}","timestamp":"2025-08-26T09:21:06.176Z"}
{"level":"info","message":"ส่งสถานะ: {\"port1\":\"COM5\",\"connected1\":true,\"port2\":\"COM4\",\"connected2\":true}","timestamp":"2025-08-26T09:21:24.172Z"}
{"level":"info","message":"ส่งสถานะ: {\"port1\":\"COM5\",\"connected1\":true,\"port2\":\"COM4\",\"connected2\":true}","timestamp":"2025-08-26T09:21:24.178Z"}
{"level":"info","message":"ส่งสถานะ: {\"port1\":\"COM5\",\"connected1\":true,\"port2\":\"COM4\",\"connected2\":true}","timestamp":"2025-08-26T09:21:33.416Z"}
{"level":"info","message":"ส่งสถานะ: {\"port1\":\"COM5\",\"connected1\":true,\"port2\":\"COM4\",\"connected2\":true}","timestamp":"2025-08-26T09:21:33.458Z"}
{"level":"info","message":"ส่งสถานะ: {\"port1\":\"COM5\",\"connected1\":true,\"port2\":\"COM4\",\"connected2\":true}","timestamp":"2025-08-26T09:21:33.463Z"}
{"level":"info","message":"ส่งสถานะ: {\"port1\":\"COM5\",\"connected1\":true,\"port2\":\"COM4\",\"connected2\":true}","timestamp":"2025-08-26T09:21:37.400Z"}
{"level":"info","message":"ส่งสถานะ: {\"port1\":\"COM5\",\"connected1\":true,\"port2\":\"COM4\",\"connected2\":true}","timestamp":"2025-08-26T09:21:37.403Z"}
{"level":"info","message":"ส่งสถานะ: {\"port1\":\"COM5\",\"connected1\":true,\"port2\":\"COM4\",\"connected2\":true}","timestamp":"2025-08-26T09:22:04.242Z"}
{"level":"info","message":"ส่งสถานะ: {\"port1\":\"COM5\",\"connected1\":true,\"port2\":\"COM4\",\"connected2\":true}","timestamp":"2025-08-26T09:22:04.245Z"}
{"level":"info","message":"ส่งสถานะ: {\"port1\":\"COM5\",\"connected1\":true,\"port2\":\"COM4\",\"connected2\":true}","timestamp":"2025-08-26T09:22:50.203Z"}
{"level":"info","message":"ส่งสถานะ: {\"port1\":\"COM5\",\"connected1\":true,\"port2\":\"COM4\",\"connected2\":true}","timestamp":"2025-08-26T09:22:50.206Z"}
{"level":"info","message":"ส่งสถานะ: {\"port1\":\"COM5\",\"connected1\":true,\"port2\":\"COM4\",\"connected2\":true}","timestamp":"2025-08-26T09:23:02.821Z"}
{"level":"info","message":"ส่งสถานะ: {\"port1\":\"COM5\",\"connected1\":true,\"port2\":\"COM4\",\"connected2\":true}","timestamp":"2025-08-26T09:23:02.826Z"}
{"level":"info","message":"ส่งสถานะ: {\"port1\":\"COM5\",\"connected1\":true,\"port2\":\"COM4\",\"connected2\":true}","timestamp":"2025-08-26T09:23:58.183Z"}
{"level":"info","message":"ส่งสถานะ: {\"port1\":\"COM5\",\"connected1\":true,\"port2\":\"COM4\",\"connected2\":true}","timestamp":"2025-08-26T09:23:58.186Z"}
{"level":"info","message":"ส่งสถานะ: {\"port1\":\"COM5\",\"connected1\":true,\"port2\":\"COM4\",\"connected2\":true}","timestamp":"2025-08-26T09:24:06.189Z"}
{"level":"info","message":"ส่งสถานะ: {\"port1\":\"COM5\",\"connected1\":true,\"port2\":\"COM4\",\"connected2\":true}","timestamp":"2025-08-26T09:24:06.193Z"}
{"level":"info","message":"ส่งสถานะ: {\"port1\":\"COM5\",\"connected1\":true,\"port2\":\"COM4\",\"connected2\":true}","timestamp":"2025-08-26T09:24:38.181Z"}
{"level":"info","message":"ส่งสถานะ: {\"port1\":\"COM5\",\"connected1\":true,\"port2\":\"COM4\",\"connected2\":true}","timestamp":"2025-08-26T09:24:38.185Z"}
{"level":"info","message":"ส่งสถานะ: {\"port1\":\"COM5\",\"connected1\":true,\"port2\":\"COM4\",\"connected2\":true}","timestamp":"2025-08-26T09:25:57.181Z"}
{"level":"info","message":"ส่งสถานะ: {\"port1\":\"COM5\",\"connected1\":true,\"port2\":\"COM4\",\"connected2\":true}","timestamp":"2025-08-26T09:25:57.184Z"}
{"level":"info","message":"ส่งสถานะ: {\"port1\":\"COM5\",\"connected1\":true,\"port2\":\"COM4\",\"connected2\":true}","timestamp":"2025-08-26T09:26:01.175Z"}
{"level":"info","message":"ส่งสถานะ: {\"port1\":\"COM5\",\"connected1\":true,\"port2\":\"COM4\",\"connected2\":true}","timestamp":"2025-08-26T09:26:01.179Z"}
{"level":"info","message":"ส่งสถานะ: {\"port1\":\"COM5\",\"connected1\":true,\"port2\":\"COM4\",\"connected2\":true}","timestamp":"2025-08-26T09:26:10.176Z"}
{"level":"info","message":"ส่งสถานะ: {\"port1\":\"COM5\",\"connected1\":true,\"port2\":\"COM4\",\"connected2\":true}","timestamp":"2025-08-26T09:26:10.180Z"}
{"level":"info","message":"ส่งสถานะ: {\"port1\":\"COM5\",\"connected1\":true,\"port2\":\"COM4\",\"connected2\":true}","timestamp":"2025-08-26T09:27:17.176Z"}
{"level":"info","message":"ส่งสถานะ: {\"port1\":\"COM5\",\"connected1\":true,\"port2\":\"COM4\",\"connected2\":true}","timestamp":"2025-08-26T09:27:17.180Z"}
{"level":"info","message":"ส่งสถานะ: {\"port1\":\"COM5\",\"connected1\":true,\"port2\":\"COM4\",\"connected2\":true}","timestamp":"2025-08-26T09:27:19.177Z"}
{"level":"info","message":"ส่งสถานะ: {\"port1\":\"COM5\",\"connected1\":true,\"port2\":\"COM4\",\"connected2\":true}","timestamp":"2025-08-26T09:27:19.182Z"}
{"level":"info","message":"ส่งสถานะ: {\"port1\":\"COM5\",\"connected1\":true,\"port2\":\"COM4\",\"connected2\":true}","timestamp":"2025-08-26T09:27:21.175Z"}
{"level":"info","message":"ส่งสถานะ: {\"port1\":\"COM5\",\"connected1\":true,\"port2\":\"COM4\",\"connected2\":true}","timestamp":"2025-08-26T09:27:21.180Z"}
{"level":"info","message":"ส่งสถานะ: {\"port1\":\"COM5\",\"connected1\":true,\"port2\":\"COM4\",\"connected2\":true}","timestamp":"2025-08-26T09:27:24.181Z"}
{"level":"info","message":"ส่งสถานะ: {\"port1\":\"COM5\",\"connected1\":true,\"port2\":\"COM4\",\"connected2\":true}","timestamp":"2025-08-26T09:27:24.184Z"}
{"level":"info","message":"ส่งสถานะ: {\"port1\":\"COM5\",\"connected1\":true,\"port2\":\"COM4\",\"connected2\":true}","timestamp":"2025-08-26T09:28:30.183Z"}
{"level":"info","message":"ส่งสถานะ: {\"port1\":\"COM5\",\"connected1\":true,\"port2\":\"COM4\",\"connected2\":true}","timestamp":"2025-08-26T09:28:30.186Z"}
{"level":"info","message":"ส่งสถานะ: {\"port1\":\"COM5\",\"connected1\":true,\"port2\":\"COM4\",\"connected2\":true}","timestamp":"2025-08-26T09:28:32.175Z"}
{"level":"info","message":"ส่งสถานะ: {\"port1\":\"COM5\",\"connected1\":true,\"port2\":\"COM4\",\"connected2\":true}","timestamp":"2025-08-26T09:28:32.179Z"}
{"level":"info","message":"ส่งสถานะ: {\"port1\":\"COM5\",\"connected1\":true,\"port2\":\"COM4\",\"connected2\":true}","timestamp":"2025-08-26T09:28:37.183Z"}
{"level":"info","message":"ส่งสถานะ: {\"port1\":\"COM5\",\"connected1\":true,\"port2\":\"COM4\",\"connected2\":true}","timestamp":"2025-08-26T09:28:37.187Z"}
{"level":"info","message":"ส่งสถานะ: {\"port1\":\"COM5\",\"connected1\":true,\"port2\":\"COM4\",\"connected2\":true}","timestamp":"2025-08-26T09:28:46.182Z"}
{"level":"info","message":"ส่งสถานะ: {\"port1\":\"COM5\",\"connected1\":true,\"port2\":\"COM4\",\"connected2\":true}","timestamp":"2025-08-26T09:28:46.185Z"}
{"level":"info","message":"ส่งสถานะ: {\"port1\":\"COM5\",\"connected1\":true,\"port2\":\"COM4\",\"connected2\":true}","timestamp":"2025-08-26T09:28:48.177Z"}
{"level":"info","message":"ส่งสถานะ: {\"port1\":\"COM5\",\"connected1\":true,\"port2\":\"COM4\",\"connected2\":true}","timestamp":"2025-08-26T09:28:48.182Z"}
{"level":"info","message":"ส่งสถานะ: {\"port1\":\"COM5\",\"connected1\":true,\"port2\":\"COM4\",\"connected2\":true}","timestamp":"2025-08-26T09:28:49.178Z"}
{"level":"info","message":"ส่งสถานะ: {\"port1\":\"COM5\",\"connected1\":true,\"port2\":\"COM4\",\"connected2\":true}","timestamp":"2025-08-26T09:28:49.182Z"}
{"level":"info","message":"ส่งสถานะ: {\"port1\":\"COM5\",\"connected1\":true,\"port2\":\"COM4\",\"connected2\":true}","timestamp":"2025-08-26T09:30:06.760Z"}
{"level":"info","message":"ส่งสถานะ: {\"port1\":\"COM5\",\"connected1\":true,\"port2\":\"COM4\",\"connected2\":true}","timestamp":"2025-08-26T09:30:06.764Z"}
{"level":"info","message":"ส่งสถานะ: {\"port1\":\"COM5\",\"connected1\":true,\"port2\":\"COM4\",\"connected2\":true}","timestamp":"2025-08-26T09:30:18.166Z"}
{"level":"info","message":"ส่งสถานะ: {\"port1\":\"COM5\",\"connected1\":true,\"port2\":\"COM4\",\"connected2\":true}","timestamp":"2025-08-26T09:30:18.169Z"}
{"level":"info","message":"ส่งสถานะ: {\"port1\":\"COM5\",\"connected1\":true,\"port2\":\"COM4\",\"connected2\":true}","timestamp":"2025-08-26T09:30:32.161Z"}
{"level":"info","message":"ส่งสถานะ: {\"port1\":\"COM5\",\"connected1\":true,\"port2\":\"COM4\",\"connected2\":true}","timestamp":"2025-08-26T09:30:32.165Z"}
{"level":"info","message":"ส่งสถานะ: {\"port1\":\"COM5\",\"connected1\":true,\"port2\":\"COM4\",\"connected2\":true}","timestamp":"2025-08-26T09:30:44.159Z"}
{"level":"info","message":"ส่งสถานะ: {\"port1\":\"COM5\",\"connected1\":true,\"port2\":\"COM4\",\"connected2\":true}","timestamp":"2025-08-26T09:30:44.163Z"}
{"level":"info","message":"ส่งสถานะ: {\"port1\":\"COM5\",\"connected1\":true,\"port2\":\"COM4\",\"connected2\":true}","timestamp":"2025-08-26T09:30:47.157Z"}
{"level":"info","message":"ส่งสถานะ: {\"port1\":\"COM5\",\"connected1\":true,\"port2\":\"COM4\",\"connected2\":true}","timestamp":"2025-08-26T09:30:47.161Z"}
{"level":"info","message":"ส่งสถานะ: {\"port1\":\"COM5\",\"connected1\":true,\"port2\":\"COM4\",\"connected2\":true}","timestamp":"2025-08-26T09:31:10.193Z"}
{"level":"info","message":"ส่งสถานะ: {\"port1\":\"COM5\",\"connected1\":true,\"port2\":\"COM4\",\"connected2\":true}","timestamp":"2025-08-26T09:31:10.286Z"}
{"level":"info","message":"ส่งสถานะ: {\"port1\":\"COM5\",\"connected1\":true,\"port2\":\"COM4\",\"connected2\":true}","timestamp":"2025-08-26T09:31:10.290Z"}
{"level":"info","message":"ส่งสถานะ: {\"port1\":\"COM5\",\"connected1\":true,\"port2\":\"COM4\",\"connected2\":true}","timestamp":"2025-08-26T09:32:01.010Z"}
{"level":"info","message":"ส่งสถานะ: {\"port1\":\"COM5\",\"connected1\":true,\"port2\":\"COM4\",\"connected2\":true}","timestamp":"2025-08-26T09:32:01.014Z"}
{"level":"info","message":"ส่งสถานะ: {\"port1\":\"COM5\",\"connected1\":false,\"port2\":\"COM4\",\"connected2\":true}","timestamp":"2025-08-26T09:33:00.744Z"}
{"level":"info","message":"ส่งสถานะ: {\"port1\":\"COM5\",\"connected1\":false,\"port2\":\"COM4\",\"connected2\":true}","timestamp":"2025-08-26T09:33:00.745Z"}
{"level":"info","message":"ส่งสถานะ: {\"port1\":\"COM5\",\"connected1\":false,\"port2\":\"COM4\",\"connected2\":false}","timestamp":"2025-08-26T09:33:00.745Z"}
{"level":"info","message":"ส่งสถานะ: {\"port1\":\"COM5\",\"connected1\":false,\"port2\":\"COM4\",\"connected2\":false}","timestamp":"2025-08-26T09:33:00.746Z"}
{"level":"info","message":"ส่งสถานะ: {\"port1\":\"COM4\",\"connected1\":false,\"port2\":\"COM5\",\"connected2\":false}","timestamp":"2025-08-26T09:40:53.525Z"}
{"level":"info","message":"ส่งสถานะ: {\"port1\":\"COM4\",\"connected1\":false,\"port2\":\"COM5\",\"connected2\":false}","timestamp":"2025-08-26T09:40:53.532Z"}
{"level":"info","message":"ส่งสถานะ: {\"port1\":\"COM4\",\"connected1\":false,\"port2\":\"COM5\",\"connected2\":false}","timestamp":"2025-08-26T09:40:57.877Z"}
{"level":"info","message":"ส่งสถานะ: {\"port1\":\"COM4\",\"connected1\":false,\"port2\":\"COM5\",\"connected2\":false}","timestamp":"2025-08-26T09:40:57.917Z"}
{"level":"info","message":"ส่งสถานะ: {\"port1\":\"COM4\",\"connected1\":false,\"port2\":\"COM5\",\"connected2\":false}","timestamp":"2025-08-26T09:40:57.932Z"}
{"level":"info","message":"ส่งสถานะ: {\"port1\":\"COM5\",\"connected1\":true,\"port2\":\"COM4\",\"connected2\":false}","timestamp":"2025-08-26T09:41:03.690Z"}
{"level":"info","message":"ส่งสถานะ: {\"port1\":\"COM5\",\"connected1\":true,\"port2\":\"COM4\",\"connected2\":true}","timestamp":"2025-08-26T09:41:03.693Z"}
{"level":"info","message":"ส่งสถานะ: {\"port1\":\"COM5\",\"connected1\":true,\"port2\":\"COM4\",\"connected2\":true}","timestamp":"2025-08-26T09:41:03.694Z"}
{"level":"info","message":"ส่งสถานะ: {\"port1\":\"COM5\",\"connected1\":true,\"port2\":\"COM4\",\"connected2\":true}","timestamp":"2025-08-26T09:41:05.942Z"}
{"level":"info","message":"ส่งสถานะ: {\"port1\":\"COM5\",\"connected1\":true,\"port2\":\"COM4\",\"connected2\":true}","timestamp":"2025-08-26T09:41:05.973Z"}
{"level":"info","message":"ส่งสถานะ: {\"port1\":\"COM5\",\"connected1\":true,\"port2\":\"COM4\",\"connected2\":true}","timestamp":"2025-08-26T09:41:05.981Z"}
{"level":"info","message":"ส่งสถานะ: {\"port1\":\"COM5\",\"connected1\":true,\"port2\":\"COM4\",\"connected2\":true}","timestamp":"2025-08-26T09:41:52.687Z"}
{"level":"info","message":"ส่งสถานะ: {\"port1\":\"COM5\",\"connected1\":true,\"port2\":\"COM4\",\"connected2\":true}","timestamp":"2025-08-26T09:41:52.691Z"}
{"level":"info","message":"ส่งสถานะ: {\"port1\":\"COM5\",\"connected1\":true,\"port2\":\"COM4\",\"connected2\":true}","timestamp":"2025-08-26T09:41:55.554Z"}
{"level":"info","message":"ส่งสถานะ: {\"port1\":\"COM5\",\"connected1\":true,\"port2\":\"COM4\",\"connected2\":true}","timestamp":"2025-08-26T09:41:55.559Z"}
{"level":"info","message":"ส่งสถานะ: {\"port1\":\"COM5\",\"connected1\":true,\"port2\":\"COM4\",\"connected2\":true}","timestamp":"2025-08-26T09:42:00.517Z"}
{"level":"info","message":"ส่งสถานะ: {\"port1\":\"COM5\",\"connected1\":true,\"port2\":\"COM4\",\"connected2\":true}","timestamp":"2025-08-26T09:42:00.520Z"}
{"level":"info","message":"ส่งสถานะ: {\"port1\":\"COM5\",\"connected1\":true,\"port2\":\"COM4\",\"connected2\":true}","timestamp":"2025-08-26T09:42:04.387Z"}
{"level":"info","message":"ส่งสถานะ: {\"port1\":\"COM5\",\"connected1\":true,\"port2\":\"COM4\",\"connected2\":true}","timestamp":"2025-08-26T09:42:04.391Z"}
{"level":"info","message":"ส่งสถานะ: {\"port1\":\"COM5\",\"connected1\":true,\"port2\":\"COM4\",\"connected2\":true}","timestamp":"2025-08-26T09:42:09.785Z"}
{"level":"info","message":"ส่งสถานะ: {\"port1\":\"COM5\",\"connected1\":true,\"port2\":\"COM4\",\"connected2\":true}","timestamp":"2025-08-26T09:42:09.788Z"}
{"level":"info","message":"ส่งสถานะ: {\"port1\":\"COM5\",\"connected1\":true,\"port2\":\"COM4\",\"connected2\":true}","timestamp":"2025-08-26T09:42:14.839Z"}
{"level":"info","message":"ส่งสถานะ: {\"port1\":\"COM5\",\"connected1\":true,\"port2\":\"COM4\",\"connected2\":true}","timestamp":"2025-08-26T09:42:14.844Z"}
{"level":"info","message":"ส่งสถานะ: {\"port1\":\"COM5\",\"connected1\":true,\"port2\":\"COM4\",\"connected2\":true}","timestamp":"2025-08-26T09:42:19.121Z"}
{"level":"info","message":"ส่งสถานะ: {\"port1\":\"COM5\",\"connected1\":true,\"port2\":\"COM4\",\"connected2\":true}","timestamp":"2025-08-26T09:42:19.125Z"}
{"level":"info","message":"ส่งสถานะ: {\"port1\":\"COM5\",\"connected1\":true,\"port2\":\"COM4\",\"connected2\":true}","timestamp":"2025-08-26T09:42:24.074Z"}
{"level":"info","message":"ส่งสถานะ: {\"port1\":\"COM5\",\"connected1\":true,\"port2\":\"COM4\",\"connected2\":true}","timestamp":"2025-08-26T09:42:24.078Z"}
{"level":"info","message":"ส่งสถานะ: {\"port1\":\"COM5\",\"connected1\":true,\"port2\":\"COM4\",\"connected2\":true}","timestamp":"2025-08-26T09:42:32.023Z"}
{"level":"info","message":"ส่งสถานะ: {\"port1\":\"COM5\",\"connected1\":true,\"port2\":\"COM4\",\"connected2\":true}","timestamp":"2025-08-26T09:42:32.027Z"}
{"level":"info","message":"ส่งสถานะ: {\"port1\":\"COM5\",\"connected1\":true,\"port2\":\"COM4\",\"connected2\":true}","timestamp":"2025-08-26T09:42:38.259Z"}
{"level":"info","message":"ส่งสถานะ: {\"port1\":\"COM5\",\"connected1\":true,\"port2\":\"COM4\",\"connected2\":true}","timestamp":"2025-08-26T09:42:38.264Z"}
{"level":"info","message":"ส่งสถานะ: {\"port1\":\"COM5\",\"connected1\":true,\"port2\":\"COM4\",\"connected2\":true}","timestamp":"2025-08-26T09:42:45.570Z"}
{"level":"info","message":"ส่งสถานะ: {\"port1\":\"COM5\",\"connected1\":true,\"port2\":\"COM4\",\"connected2\":true}","timestamp":"2025-08-26T09:42:45.574Z"}
{"level":"info","message":"ส่งสถานะ: {\"port1\":\"COM5\",\"connected1\":true,\"port2\":\"COM4\",\"connected2\":true}","timestamp":"2025-08-26T09:42:53.380Z"}
{"level":"info","message":"ส่งสถานะ: {\"port1\":\"COM5\",\"connected1\":true,\"port2\":\"COM4\",\"connected2\":true}","timestamp":"2025-08-26T09:42:53.384Z"}
{"level":"info","message":"ส่งสถานะ: {\"port1\":\"COM5\",\"connected1\":true,\"port2\":\"COM4\",\"connected2\":true}","timestamp":"2025-08-26T09:42:54.868Z"}
{"level":"info","message":"ส่งสถานะ: {\"port1\":\"COM5\",\"connected1\":true,\"port2\":\"COM4\",\"connected2\":true}","timestamp":"2025-08-26T09:42:54.871Z"}
{"level":"info","message":"ส่งสถานะ: {\"port1\":\"COM5\",\"connected1\":true,\"port2\":\"COM4\",\"connected2\":true}","timestamp":"2025-08-26T09:43:05.799Z"}
{"level":"info","message":"ส่งสถานะ: {\"port1\":\"COM5\",\"connected1\":true,\"port2\":\"COM4\",\"connected2\":true}","timestamp":"2025-08-26T09:43:05.803Z"}
{"level":"info","message":"ส่งสถานะ: {\"port1\":\"COM5\",\"connected1\":true,\"port2\":\"COM4\",\"connected2\":true}","timestamp":"2025-08-26T09:43:09.911Z"}
{"level":"info","message":"ส่งสถานะ: {\"port1\":\"COM5\",\"connected1\":true,\"port2\":\"COM4\",\"connected2\":true}","timestamp":"2025-08-26T09:43:09.914Z"}
{"level":"info","message":"ส่งสถานะ: {\"port1\":\"COM5\",\"connected1\":true,\"port2\":\"COM4\",\"connected2\":true}","timestamp":"2025-08-26T09:43:29.178Z"}
{"level":"info","message":"ส่งสถานะ: {\"port1\":\"COM5\",\"connected1\":true,\"port2\":\"COM4\",\"connected2\":true}","timestamp":"2025-08-26T09:43:29.182Z"}
{"level":"info","message":"ส่งสถานะ: {\"port1\":\"COM5\",\"connected1\":true,\"port2\":\"COM4\",\"connected2\":true}","timestamp":"2025-08-26T09:43:31.235Z"}
{"level":"info","message":"ส่งสถานะ: {\"port1\":\"COM5\",\"connected1\":true,\"port2\":\"COM4\",\"connected2\":true}","timestamp":"2025-08-26T09:43:31.239Z"}
{"level":"info","message":"ส่งสถานะ: {\"port1\":\"COM5\",\"connected1\":true,\"port2\":\"COM4\",\"connected2\":true}","timestamp":"2025-08-26T09:43:37.231Z"}
{"level":"info","message":"ส่งสถานะ: {\"port1\":\"COM5\",\"connected1\":true,\"port2\":\"COM4\",\"connected2\":true}","timestamp":"2025-08-26T09:43:37.235Z"}
{"level":"info","message":"ส่งสถานะ: {\"port1\":\"COM5\",\"connected1\":false,\"port2\":\"COM4\",\"connected2\":true}","timestamp":"2025-08-26T09:44:20.359Z"}
{"level":"info","message":"ส่งสถานะ: {\"port1\":\"COM5\",\"connected1\":false,\"port2\":\"COM4\",\"connected2\":true}","timestamp":"2025-08-26T09:44:20.360Z"}
{"level":"info","message":"ส่งสถานะ: {\"port1\":\"COM5\",\"connected1\":false,\"port2\":\"COM4\",\"connected2\":false}","timestamp":"2025-08-26T09:44:20.360Z"}
{"level":"info","message":"ส่งสถานะ: {\"port1\":\"COM5\",\"connected1\":false,\"port2\":\"COM4\",\"connected2\":false}","timestamp":"2025-08-26T09:44:20.361Z"}
{"level":"info","message":"ส่งสถานะ: {\"port1\":null,\"connected1\":false,\"port2\":null,\"connected2\":false}","timestamp":"2025-08-26T09:53:44.967Z"}
{"level":"info","message":"ส่งสถานะ: {\"port1\":null,\"connected1\":false,\"port2\":null,\"connected2\":false}","timestamp":"2025-08-26T09:53:44.974Z"}
{"level":"info","message":"ส่งสถานะ: {\"port1\":null,\"connected1\":false,\"port2\":null,\"connected2\":false}","timestamp":"2025-08-26T09:53:51.019Z"}
{"level":"info","message":"ส่งสถานะ: {\"port1\":null,\"connected1\":false,\"port2\":null,\"connected2\":false}","timestamp":"2025-08-26T09:53:51.116Z"}
{"level":"info","message":"ส่งสถานะ: {\"port1\":null,\"connected1\":false,\"port2\":null,\"connected2\":false}","timestamp":"2025-08-26T09:53:51.129Z"}
{"level":"error","message":"ล้มเหลว Fighter1: Opening COM5: Unknown error code 121","timestamp":"2025-08-26T09:54:07.101Z"}
{"level":"error","message":"ล้มเหลว Fighter1: Opening COM5: Unknown error code 121","timestamp":"2025-08-26T09:54:21.916Z"}
{"level":"error","message":"ล้มเหลว Fighter1: Opening COM5: Unknown error code 121","timestamp":"2025-08-26T09:54:36.735Z"}
{"level":"error","message":"ล้มเหลว Fighter1: Opening COM5: Unknown error code 121","timestamp":"2025-08-26T09:54:51.554Z"}
{"level":"info","message":"ส่งสถานะ: {\"port1\":\"COM5\",\"connected1\":false,\"port2\":\"COM4\",\"connected2\":false}","timestamp":"2025-08-26T09:54:51.557Z"}
{"level":"info","message":"ส่งสถานะ: {\"port1\":\"COM5\",\"connected1\":true,\"port2\":\"COM4\",\"connected2\":false}","timestamp":"2025-08-26T09:55:13.364Z"}
{"level":"info","message":"ส่งสถานะ: {\"port1\":\"COM5\",\"connected1\":true,\"port2\":\"COM4\",\"connected2\":true}","timestamp":"2025-08-26T09:55:13.367Z"}
{"level":"info","message":"ส่งสถานะ: {\"port1\":\"COM5\",\"connected1\":true,\"port2\":\"COM4\",\"connected2\":true}","timestamp":"2025-08-26T09:55:13.368Z"}
{"level":"info","message":"ส่งสถานะ: {\"port1\":\"COM5\",\"connected1\":true,\"port2\":\"COM4\",\"connected2\":true}","timestamp":"2025-08-26T09:55:19.927Z"}
{"level":"info","message":"ส่งสถานะ: {\"port1\":\"COM5\",\"connected1\":true,\"port2\":\"COM4\",\"connected2\":true}","timestamp":"2025-08-26T09:55:19.971Z"}
{"level":"info","message":"ส่งสถานะ: {\"port1\":\"COM5\",\"connected1\":true,\"port2\":\"COM4\",\"connected2\":true}","timestamp":"2025-08-26T09:55:19.978Z"}
{"level":"info","message":"ส่งสถานะ: {\"port1\":\"COM5\",\"connected1\":true,\"port2\":\"COM4\",\"connected2\":true}","timestamp":"2025-08-26T09:55:34.968Z"}
{"level":"info","message":"ส่งสถานะ: {\"port1\":\"COM5\",\"connected1\":true,\"port2\":\"COM4\",\"connected2\":true}","timestamp":"2025-08-26T09:55:34.972Z"}
{"level":"info","message":"ส่งสถานะ: {\"port1\":\"COM5\",\"connected1\":true,\"port2\":\"COM4\",\"connected2\":true}","timestamp":"2025-08-26T09:55:36.179Z"}
{"level":"info","message":"ส่งสถานะ: {\"port1\":\"COM5\",\"connected1\":true,\"port2\":\"COM4\",\"connected2\":true}","timestamp":"2025-08-26T09:55:36.182Z"}
{"level":"info","message":"ส่งสถานะ: {\"port1\":\"COM5\",\"connected1\":true,\"port2\":\"COM4\",\"connected2\":true}","timestamp":"2025-08-26T09:55:50.526Z"}
{"level":"info","message":"ส่งสถานะ: {\"port1\":\"COM5\",\"connected1\":true,\"port2\":\"COM4\",\"connected2\":true}","timestamp":"2025-08-26T09:55:50.529Z"}
{"level":"info","message":"ส่งสถานะ: {\"port1\":\"COM5\",\"connected1\":true,\"port2\":\"COM4\",\"connected2\":true}","timestamp":"2025-08-26T09:55:51.960Z"}
{"level":"info","message":"ส่งสถานะ: {\"port1\":\"COM5\",\"connected1\":true,\"port2\":\"COM4\",\"connected2\":true}","timestamp":"2025-08-26T09:55:51.963Z"}
{"level":"info","message":"ส่งสถานะ: {\"port1\":\"COM5\",\"connected1\":true,\"port2\":\"COM4\",\"connected2\":true}","timestamp":"2025-08-26T09:55:53.696Z"}
{"level":"info","message":"ส่งสถานะ: {\"port1\":\"COM5\",\"connected1\":true,\"port2\":\"COM4\",\"connected2\":true}","timestamp":"2025-08-26T09:55:53.699Z"}
{"level":"info","message":"ส่งสถานะ: {\"port1\":\"COM5\",\"connected1\":true,\"port2\":\"COM4\",\"connected2\":true}","timestamp":"2025-08-26T09:55:57.036Z"}
{"level":"info","message":"ส่งสถานะ: {\"port1\":\"COM5\",\"connected1\":true,\"port2\":\"COM4\",\"connected2\":true}","timestamp":"2025-08-26T09:55:57.040Z"}
{"level":"info","message":"ส่งสถานะ: {\"port1\":\"COM5\",\"connected1\":true,\"port2\":\"COM4\",\"connected2\":true}","timestamp":"2025-08-26T09:55:59.272Z"}
{"level":"info","message":"ส่งสถานะ: {\"port1\":\"COM5\",\"connected1\":true,\"port2\":\"COM4\",\"connected2\":true}","timestamp":"2025-08-26T09:55:59.275Z"}
{"level":"info","message":"ส่งสถานะ: {\"port1\":\"COM5\",\"connected1\":true,\"port2\":\"COM4\",\"connected2\":true}","timestamp":"2025-08-26T09:56:11.369Z"}
{"level":"info","message":"ส่งสถานะ: {\"port1\":\"COM5\",\"connected1\":true,\"port2\":\"COM4\",\"connected2\":true}","timestamp":"2025-08-26T09:56:11.373Z"}
{"level":"info","message":"ส่งสถานะ: {\"port1\":\"COM5\",\"connected1\":true,\"port2\":\"COM4\",\"connected2\":true}","timestamp":"2025-08-26T09:56:24.900Z"}
{"level":"info","message":"ส่งสถานะ: {\"port1\":\"COM5\",\"connected1\":true,\"port2\":\"COM4\",\"connected2\":true}","timestamp":"2025-08-26T09:56:24.903Z"}
{"level":"info","message":"ส่งสถานะ: {\"port1\":\"COM5\",\"connected1\":true,\"port2\":\"COM4\",\"connected2\":true}","timestamp":"2025-08-26T09:56:45.416Z"}
{"level":"info","message":"ส่งสถานะ: {\"port1\":\"COM5\",\"connected1\":true,\"port2\":\"COM4\",\"connected2\":true}","timestamp":"2025-08-26T09:56:45.420Z"}
{"level":"info","message":"ส่งสถานะ: {\"port1\":\"COM5\",\"connected1\":true,\"port2\":\"COM4\",\"connected2\":true}","timestamp":"2025-08-26T09:57:30.846Z"}
{"level":"info","message":"ส่งสถานะ: {\"port1\":\"COM5\",\"connected1\":true,\"port2\":\"COM4\",\"connected2\":true}","timestamp":"2025-08-26T09:57:30.850Z"}
{"level":"info","message":"ส่งสถานะ: {\"port1\":\"COM5\",\"connected1\":true,\"port2\":\"COM4\",\"connected2\":true}","timestamp":"2025-08-26T09:57:41.486Z"}
{"level":"info","message":"ส่งสถานะ: {\"port1\":\"COM5\",\"connected1\":true,\"port2\":\"COM4\",\"connected2\":true}","timestamp":"2025-08-26T09:57:41.490Z"}
{"level":"info","message":"ส่งสถานะ: {\"port1\":\"COM5\",\"connected1\":true,\"port2\":\"COM4\",\"connected2\":true}","timestamp":"2025-08-26T09:57:52.507Z"}
{"level":"info","message":"ส่งสถานะ: {\"port1\":\"COM5\",\"connected1\":true,\"port2\":\"COM4\",\"connected2\":true}","timestamp":"2025-08-26T09:57:52.511Z"}
{"level":"info","message":"ส่งสถานะ: {\"port1\":\"COM5\",\"connected1\":true,\"port2\":\"COM4\",\"connected2\":true}","timestamp":"2025-08-26T09:57:55.118Z"}
{"level":"info","message":"ส่งสถานะ: {\"port1\":\"COM5\",\"connected1\":true,\"port2\":\"COM4\",\"connected2\":true}","timestamp":"2025-08-26T09:57:55.121Z"}
{"level":"info","message":"ส่งสถานะ: {\"port1\":\"COM5\",\"connected1\":false,\"port2\":\"COM4\",\"connected2\":true}","timestamp":"2025-08-26T10:11:33.319Z"}
{"level":"info","message":"ส่งสถานะ: {\"port1\":\"COM5\",\"connected1\":false,\"port2\":\"COM4\",\"connected2\":true}","timestamp":"2025-08-26T10:11:33.319Z"}
{"level":"info","message":"ส่งสถานะ: {\"port1\":\"COM5\",\"connected1\":false,\"port2\":\"COM4\",\"connected2\":false}","timestamp":"2025-08-26T10:11:33.320Z"}
{"level":"info","message":"ส่งสถานะ: {\"port1\":\"COM5\",\"connected1\":false,\"port2\":\"COM4\",\"connected2\":false}","timestamp":"2025-08-26T10:11:33.320Z"}
{"level":"info","message":"ส่งสถานะ: {\"port1\":null,\"connected1\":false,\"port2\":null,\"connected2\":false}","timestamp":"2025-08-26T10:11:46.687Z"}
{"level":"info","message":"ส่งสถานะ: {\"port1\":null,\"connected1\":false,\"port2\":null,\"connected2\":false}","timestamp":"2025-08-26T10:11:46.694Z"}
{"level":"info","message":"ส่งสถานะ: {\"port1\":null,\"connected1\":false,\"port2\":null,\"connected2\":false}","timestamp":"2025-08-26T10:11:50.405Z"}
{"level":"info","message":"ส่งสถานะ: {\"port1\":null,\"connected1\":false,\"port2\":null,\"connected2\":false}","timestamp":"2025-08-26T10:11:50.511Z"}
{"level":"info","message":"ส่งสถานะ: {\"port1\":null,\"connected1\":false,\"port2\":null,\"connected2\":false}","timestamp":"2025-08-26T10:11:50.521Z"}
{"level":"info","message":"ส่งสถานะ: {\"port1\":\"COM5\",\"connected1\":true,\"port2\":\"COM4\",\"connected2\":false}","timestamp":"2025-08-26T10:11:56.965Z"}
{"level":"info","message":"ส่งสถานะ: {\"port1\":\"COM5\",\"connected1\":true,\"port2\":\"COM4\",\"connected2\":true}","timestamp":"2025-08-26T10:11:56.967Z"}
{"level":"info","message":"ส่งสถานะ: {\"port1\":\"COM5\",\"connected1\":true,\"port2\":\"COM4\",\"connected2\":true}","timestamp":"2025-08-26T10:11:56.968Z"}
{"level":"info","message":"ส่งสถานะ: {\"port1\":\"COM5\",\"connected1\":true,\"port2\":\"COM4\",\"connected2\":true}","timestamp":"2025-08-26T10:11:59.228Z"}
{"level":"info","message":"ส่งสถานะ: {\"port1\":\"COM5\",\"connected1\":true,\"port2\":\"COM4\",\"connected2\":true}","timestamp":"2025-08-26T10:11:59.263Z"}
{"level":"info","message":"ส่งสถานะ: {\"port1\":\"COM5\",\"connected1\":true,\"port2\":\"COM4\",\"connected2\":true}","timestamp":"2025-08-26T10:11:59.271Z"}
{"level":"info","message":"ส่งสถานะ: {\"port1\":\"COM5\",\"connected1\":true,\"port2\":\"COM4\",\"connected2\":true}","timestamp":"2025-08-26T10:12:08.658Z"}
{"level":"info","message":"ส่งสถานะ: {\"port1\":\"COM5\",\"connected1\":true,\"port2\":\"COM4\",\"connected2\":true}","timestamp":"2025-08-26T10:12:08.664Z"}
{"level":"info","message":"ส่งสถานะ: {\"port1\":\"COM5\",\"connected1\":false,\"port2\":\"COM4\",\"connected2\":true}","timestamp":"2025-08-26T10:13:31.961Z"}
{"level":"info","message":"ส่งสถานะ: {\"port1\":\"COM5\",\"connected1\":false,\"port2\":\"COM4\",\"connected2\":true}","timestamp":"2025-08-26T10:13:31.962Z"}
{"level":"info","message":"ส่งสถานะ: {\"port1\":\"COM5\",\"connected1\":false,\"port2\":\"COM4\",\"connected2\":false}","timestamp":"2025-08-26T10:13:31.962Z"}
{"level":"info","message":"ส่งสถานะ: {\"port1\":\"COM5\",\"connected1\":false,\"port2\":\"COM4\",\"connected2\":false}","timestamp":"2025-08-26T10:13:31.963Z"}
{"level":"info","message":"ส่งสถานะ: {\"port1\":null,\"connected1\":false,\"port2\":null,\"connected2\":false}","timestamp":"2025-08-26T10:13:41.446Z"}
{"level":"info","message":"ส่งสถานะ: {\"port1\":null,\"connected1\":false,\"port2\":null,\"connected2\":false}","timestamp":"2025-08-26T10:13:41.459Z"}
{"level":"info","message":"ส่งสถานะ: {\"port1\":null,\"connected1\":false,\"port2\":null,\"connected2\":false}","timestamp":"2025-08-26T10:13:48.323Z"}
{"level":"info","message":"ส่งสถานะ: {\"port1\":null,\"connected1\":false,\"port2\":null,\"connected2\":false}","timestamp":"2025-08-26T10:13:48.363Z"}
{"level":"info","message":"ส่งสถานะ: {\"port1\":null,\"connected1\":false,\"port2\":null,\"connected2\":false}","timestamp":"2025-08-26T10:13:48.378Z"}
{"level":"info","message":"ส่งสถานะ: {\"port1\":\"COM5\",\"connected1\":true,\"port2\":\"COM4\",\"connected2\":false}","timestamp":"2025-08-26T10:13:52.906Z"}
{"level":"info","message":"ส่งสถานะ: {\"port1\":\"COM5\",\"connected1\":true,\"port2\":\"COM4\",\"connected2\":true}","timestamp":"2025-08-26T10:13:52.908Z"}
{"level":"info","message":"ส่งสถานะ: {\"port1\":\"COM5\",\"connected1\":true,\"port2\":\"COM4\",\"connected2\":true}","timestamp":"2025-08-26T10:13:52.909Z"}
{"level":"info","message":"ส่งสถานะ: {\"port1\":\"COM5\",\"connected1\":true,\"port2\":\"COM4\",\"connected2\":true}","timestamp":"2025-08-26T10:13:56.848Z"}
{"level":"info","message":"ส่งสถานะ: {\"port1\":\"COM5\",\"connected1\":true,\"port2\":\"COM4\",\"connected2\":true}","timestamp":"2025-08-26T10:13:56.880Z"}
{"level":"info","message":"ส่งสถานะ: {\"port1\":\"COM5\",\"connected1\":true,\"port2\":\"COM4\",\"connected2\":true}","timestamp":"2025-08-26T10:13:56.889Z"}
{"level":"info","message":"ส่งสถานะ: {\"port1\":\"COM5\",\"connected1\":true,\"port2\":\"COM4\",\"connected2\":true}","timestamp":"2025-08-26T10:14:02.182Z"}
{"level":"info","message":"ส่งสถานะ: {\"port1\":\"COM5\",\"connected1\":true,\"port2\":\"COM4\",\"connected2\":true}","timestamp":"2025-08-26T10:14:02.185Z"}
{"level":"info","message":"ส่งสถานะ: {\"port1\":\"COM5\",\"connected1\":true,\"port2\":\"COM4\",\"connected2\":true}","timestamp":"2025-08-26T10:14:04.170Z"}
{"level":"info","message":"ส่งสถานะ: {\"port1\":\"COM5\",\"connected1\":true,\"port2\":\"COM4\",\"connected2\":true}","timestamp":"2025-08-26T10:14:04.174Z"}
{"level":"info","message":"ส่งสถานะ: {\"port1\":\"COM5\",\"connected1\":false,\"port2\":\"COM4\",\"connected2\":true}","timestamp":"2025-08-26T10:14:29.388Z"}
{"level":"info","message":"ส่งสถานะ: {\"port1\":\"COM5\",\"connected1\":false,\"port2\":\"COM4\",\"connected2\":true}","timestamp":"2025-08-26T10:14:29.389Z"}
{"level":"info","message":"ส่งสถานะ: {\"port1\":\"COM5\",\"connected1\":false,\"port2\":\"COM4\",\"connected2\":false}","timestamp":"2025-08-26T10:14:29.389Z"}
{"level":"info","message":"ส่งสถานะ: {\"port1\":\"COM5\",\"connected1\":false,\"port2\":\"COM4\",\"connected2\":false}","timestamp":"2025-08-26T10:14:29.390Z"}
{"level":"error","message":"No data provided for datafight save","timestamp":"2025-08-26T11:27:05.517Z"}
{"level":"error","message":"No data provided for datafight save","timestamp":"2025-08-26T11:28:49.728Z"}
